// Jest Snapshot v1, https://goo.gl/fbAQLP

exports[`Component is a Vue instance 1`] = `
<div
  id="main-title"
>
  <div
    class="index-title"
    id="title"
  >
    <div
      class="index-title__x"
    >
      <div
        class="index-title__y"
      />
    </div>
     
    <div
      class="index-title__content"
    >
      <h1
        class="index-title__content__base index-title__content__label background--light"
      >
        
        Memodon
      
      </h1>
       
      <div
        class="index-title__content__base index-title__content__text background--light"
      >
        
        マストドンがメモ帳に
      
      </div>
       
      <div
        class="index-title__content__base index-title__content__icon"
      >
        <v-icon-stub
          class="index-title__content__icon__content"
        >
          fa-pen
        </v-icon-stub>
      </div>
    </div>
  </div>
</div>
`;
